// Jest Snapshot v1, https://goo.gl/fbAQLP

exports[`matches snapshot 1`] = `
<div
  data-testid="todo-2"
>
  TASK: 
  <h1>
    hello, world!
  </h1>
</div>
`;
